GET https://api.stripe.com/v1/plans
Authorization: Basic c2tfdGVzdDo=
Stripe-Version: 2018-11-08