GET https://api.stripe.com/v1/plans/individual-monthly
Authorization: Basic c2tfdGVzdDo=
Stripe-Version: 2018-11-08