POST https://api.stripe.com/v1/subscriptions/sub_test?expand%5B%5D=customer
Authorization: Basic c2tfdGVzdDo=
Idempotency-Key: DEADBEEF-DEAD-BEEF-DEAD-BEEFDEADBEEF
Stripe-Version: 2018-11-08

cancel_at_period_end=false&coupon=&items[0][id]=si_test&items[0][plan]=individual-yearly&items[0][quantity]=1