GET https://api.stripe.com/v1/invoices/in_test?expand%5B%5D=charge
Authorization: Basic c2tfdGVzdDo=
Stripe-Version: 2018-11-08