GET https://api.stripe.com/v1/customers/cus_test
Authorization: Basic c2tfdGVzdDo=
Stripe-Version: 2018-11-08